3 cellules x 4 modeles x 1000 replications, 64.6 core-heures estimees
22:34:39 cellule c5_n2000_p2000_r025 faite
23:03:39 cellule c5_n2000_p1000_r025 faite
23:18:28 cellule c5_n2000_p0500_r025 faite

=== n=2000, rho=0.25, 1000 replications (erreur type <= 0.0158) ===

M1
regle                p=500                     p=1000                    p=2000                    
screen seul          0.849/0.979 5.7/4         0.809/0.954 8.3/4         0.751/0.941 12.9/4        
screen 9 minimum     0.922/0.990 4.6/4         0.882/0.985 4.9/4         0.851/0.983 6.1/4         
Yoshida-Umezu        0.202/0.467 97.4/29       0.179/0.398 188.1/58      0.125/0.305 432.2/168     
quantile .90         0.299/0.894 11.7/6        0.219/0.804 18.6/7        0.161/0.665 36.6/11       
quantile .95         0.891/0.998 4.2/4         0.830/0.997 4.6/4         0.758/0.992 4.8/4         
quantile .99         0.125/0.852 13.0/9        0.068/0.674 22.2/15       0.025/0.406 40.2/25       

M2
regle                p=500                     p=1000                    p=2000                    
screen seul          0.331/0.757 26.9/6        0.290/0.683 54.4/8        0.263/0.639 98.8/9        
screen 9 minimum     0.549/0.921 8.8/4         0.466/0.866 15.8/5        0.431/0.832 19.5/5        
Yoshida-Umezu        0.008/0.111 128.3/102     0.003/0.066 258.4/202     0.009/0.059 480.7/368     
quantile .90         0.000/0.039 23.8/24       0.000/0.032 25.2/24       0.000/0.031 24.6/24       
quantile .95         0.060/0.631 16.2/17       0.054/0.593 17.0/18       0.073/0.604 17.1/18       
quantile .99         0.041/0.688 20.5/14       0.026/0.463 34.1/22       0.009/0.257 59.7/39       

M3
regle                p=500                     p=1000                    p=2000                    
screen seul          0.256/0.655 38.2/9        0.192/0.525 81.0/17       0.149/0.463 144.8/27      
screen 9 minimum     0.245/0.813 19.5/7        0.183/0.695 38.7/9        0.113/0.580 76.0/14       
Yoshida-Umezu        0.028/0.178 153.9/124     0.021/0.138 320.1/256     0.015/0.084 640.2/545     
quantile .90         0.099/0.597 33.8/14       0.059/0.456 68.7/24       0.039/0.328 122.2/42      
quantile .95         0.431/0.930 8.2/5         0.303/0.873 14.8/6        0.234/0.782 24.7/7        
quantile .99         0.005/0.268 58.5/37       0.004/0.103 120.5/74      0.000/0.022 245.7/154     

M4
regle                p=500                     p=1000                    p=2000                    
screen seul          0.793/0.967 7.1/4         0.747/0.939 10.5/4        0.663/0.898 21.6/4        
screen 9 minimum     0.847/0.990 4.9/4         0.766/0.980 6.4/4         0.728/0.965 8.0/4         
Yoshida-Umezu        0.211/0.576 67.9/12       0.202/0.507 123.9/20      0.151/0.430 282.3/44      
quantile .90         0.397/0.932 9.3/5         0.306/0.885 15.7/6        0.236/0.767 29.8/7        
quantile .95         0.867/0.997 4.3/4         0.799/0.994 4.7/4         0.694/0.986 5.4/4         
quantile .99         0.065/0.758 17.6/12       0.030/0.533 29.8/19       0.019/0.295 58.9/36       

format : Sure-4/Sure-20  E(Rmax)/Med(Rmax)
