288 cells total, 0 already on disk, 288 to run (92.2 core-hours)
14:35:40 batch of 7 cells (10.69 core-hours), 281 cells left after
14:54:33 cell g_M1_n5000_p2000_r000 done
14:54:33 cell g_M1_n5000_p2000_r020 done
14:54:33 cell g_M1_n5000_p2000_r025 done
14:54:33 cell g_M1_n5000_p2000_r030 done
14:54:33 cell g_M1_n5000_p2000_r040 done
14:54:33 cell g_M1_n5000_p2000_r050 done
14:54:33 cell g_M2_n5000_p2000_r000 done
14:54:33 elapsed 18.9 min, remaining budget 81.5 core-hours
14:54:33 batch of 7 cells (10.69 core-hours), 274 cells left after
15:13:32 cell g_M2_n5000_p2000_r020 done
15:13:32 cell g_M2_n5000_p2000_r025 done
15:13:32 cell g_M2_n5000_p2000_r030 done
15:13:32 cell g_M2_n5000_p2000_r040 done
15:13:32 cell g_M2_n5000_p2000_r050 done
15:13:32 cell g_M3_n5000_p2000_r000 done
15:13:32 cell g_M3_n5000_p2000_r020 done
15:13:32 elapsed 37.9 min, remaining budget 70.8 core-hours
15:13:32 batch of 7 cells (10.69 core-hours), 267 cells left after
15:32:46 cell g_M3_n5000_p2000_r025 done
15:32:46 cell g_M3_n5000_p2000_r030 done
15:32:46 cell g_M3_n5000_p2000_r040 done
15:32:46 cell g_M3_n5000_p2000_r050 done
15:32:46 cell g_M4_n5000_p2000_r000 done
15:32:46 cell g_M4_n5000_p2000_r020 done
15:32:46 cell g_M4_n5000_p2000_r025 done
15:32:46 elapsed 57.1 min, remaining budget 60.1 core-hours
15:32:46 batch of 11 cells (10.69 core-hours), 256 cells left after
15:50:34 cell g_M4_n5000_p2000_r030 done
15:50:34 cell g_M4_n5000_p2000_r040 done
15:50:34 cell g_M4_n5000_p2000_r050 done
15:50:34 cell g_M1_n5000_p1000_r000 done
15:50:34 cell g_M1_n5000_p1000_r020 done
15:50:34 cell g_M1_n5000_p1000_r025 done
15:50:34 cell g_M1_n5000_p1000_r030 done
15:50:34 cell g_M1_n5000_p1000_r040 done
15:50:34 cell g_M1_n5000_p1000_r050 done
15:50:34 cell g_M2_n5000_p1000_r000 done
15:50:34 cell g_M2_n5000_p1000_r020 done
15:50:34 elapsed 74.9 min, remaining budget 49.4 core-hours
15:50:34 batch of 14 cells (10.69 core-hours), 242 cells left after
16:08:25 cell g_M2_n5000_p1000_r025 done
16:08:25 cell g_M2_n5000_p1000_r030 done
16:08:25 cell g_M2_n5000_p1000_r040 done
16:08:25 cell g_M2_n5000_p1000_r050 done
16:08:25 cell g_M3_n5000_p1000_r000 done
16:08:25 cell g_M3_n5000_p1000_r020 done
16:08:25 cell g_M3_n5000_p1000_r025 done
16:08:25 cell g_M3_n5000_p1000_r030 done
16:08:25 cell g_M3_n5000_p1000_r040 done
16:08:25 cell g_M3_n5000_p1000_r050 done
16:08:25 cell g_M4_n5000_p1000_r000 done
16:08:25 cell g_M4_n5000_p1000_r020 done
16:08:25 cell g_M4_n5000_p1000_r025 done
16:08:25 cell g_M4_n5000_p1000_r030 done
16:08:25 elapsed 92.7 min, remaining budget 38.7 core-hours
16:08:25 batch of 26 cells (10.69 core-hours), 216 cells left after
16:26:20 cell g_M4_n5000_p1000_r040 done
16:26:20 cell g_M4_n5000_p1000_r050 done
16:26:20 cell g_M1_n5000_p0500_r000 done
16:26:20 cell g_M1_n5000_p0500_r020 done
16:26:20 cell g_M1_n5000_p0500_r025 done
16:26:20 cell g_M1_n5000_p0500_r030 done
16:26:20 cell g_M1_n5000_p0500_r040 done
16:26:20 cell g_M1_n5000_p0500_r050 done
16:26:20 cell g_M2_n5000_p0500_r000 done
16:26:20 cell g_M2_n5000_p0500_r020 done
16:26:20 cell g_M2_n5000_p0500_r025 done
16:26:20 cell g_M2_n5000_p0500_r030 done
16:26:20 cell g_M2_n5000_p0500_r040 done
16:26:20 cell g_M2_n5000_p0500_r050 done
16:26:20 cell g_M3_n5000_p0500_r000 done
16:26:20 cell g_M3_n5000_p0500_r020 done
16:26:20 cell g_M3_n5000_p0500_r025 done
16:26:20 cell g_M3_n5000_p0500_r030 done
16:26:20 cell g_M3_n5000_p0500_r040 done
16:26:20 cell g_M3_n5000_p0500_r050 done
16:26:20 cell g_M4_n5000_p0500_r000 done
16:26:20 cell g_M4_n5000_p0500_r020 done
16:26:20 cell g_M4_n5000_p0500_r025 done
16:26:20 cell g_M4_n5000_p0500_r030 done
16:26:20 cell g_M4_n5000_p0500_r040 done
16:26:20 cell g_M4_n5000_p0500_r050 done
16:26:20 elapsed 110.7 min, remaining budget 28.0 core-hours
16:26:20 batch of 33 cells (10.58 core-hours), 183 cells left after
16:43:22 cell g_M1_n2000_p2000_r000 done
16:43:22 cell g_M1_n2000_p2000_r020 done
16:43:22 cell g_M1_n2000_p2000_r025 done
16:43:22 cell g_M1_n2000_p2000_r030 done
16:43:22 cell g_M1_n2000_p2000_r040 done
16:43:22 cell g_M1_n2000_p2000_r050 done
16:43:22 cell g_M2_n2000_p2000_r000 done
16:43:22 cell g_M2_n2000_p2000_r020 done
16:43:22 cell g_M2_n2000_p2000_r025 done
16:43:22 cell g_M2_n2000_p2000_r030 done
16:43:22 cell g_M2_n2000_p2000_r040 done
16:43:22 cell g_M2_n2000_p2000_r050 done
16:43:22 cell g_M3_n2000_p2000_r000 done
16:43:22 cell g_M3_n2000_p2000_r020 done
16:43:22 cell g_M3_n2000_p2000_r025 done
16:43:22 cell g_M3_n2000_p2000_r030 done
16:43:22 cell g_M3_n2000_p2000_r040 done
16:43:22 cell g_M3_n2000_p2000_r050 done
16:43:22 cell g_M4_n2000_p2000_r000 done
16:43:23 cell g_M4_n2000_p2000_r020 done
16:43:23 cell g_M4_n2000_p2000_r025 done
16:43:23 cell g_M4_n2000_p2000_r030 done
16:43:23 cell g_M4_n2000_p2000_r040 done
16:43:23 cell g_M4_n2000_p2000_r050 done
16:43:23 cell g_M1_n2000_p1000_r000 done
16:43:23 cell g_M1_n2000_p1000_r020 done
16:43:23 cell g_M1_n2000_p1000_r025 done
16:43:23 cell g_M1_n2000_p1000_r030 done
16:43:23 cell g_M1_n2000_p1000_r040 done
16:43:23 cell g_M1_n2000_p1000_r050 done
16:43:23 cell g_M2_n2000_p1000_r000 done
16:43:23 cell g_M2_n2000_p1000_r020 done
16:43:23 cell g_M2_n2000_p1000_r025 done
16:43:23 elapsed 127.7 min, remaining budget 17.5 core-hours
16:43:23 batch of 63 cells (10.71 core-hours), 120 cells left after
17:00:10 cell g_M2_n2000_p1000_r030 done
17:00:10 cell g_M2_n2000_p1000_r040 done
17:00:10 cell g_M2_n2000_p1000_r050 done
17:00:10 cell g_M3_n2000_p1000_r000 done
17:00:10 cell g_M3_n2000_p1000_r020 done
17:00:10 cell g_M3_n2000_p1000_r025 done
17:00:10 cell g_M3_n2000_p1000_r030 done
17:00:10 cell g_M3_n2000_p1000_r040 done
17:00:10 cell g_M3_n2000_p1000_r050 done
17:00:10 cell g_M4_n2000_p1000_r000 done
17:00:10 cell g_M4_n2000_p1000_r020 done
17:00:10 cell g_M4_n2000_p1000_r025 done
17:00:10 cell g_M4_n2000_p1000_r030 done
17:00:10 cell g_M4_n2000_p1000_r040 done
17:00:10 cell g_M4_n2000_p1000_r050 done
17:00:10 cell g_M1_n1000_p2000_r000 done
17:00:10 cell g_M1_n1000_p2000_r020 done
17:00:10 cell g_M1_n1000_p2000_r025 done
17:00:10 cell g_M1_n1000_p2000_r030 done
17:00:10 cell g_M1_n1000_p2000_r040 done
17:00:11 cell g_M1_n1000_p2000_r050 done
17:00:11 cell g_M2_n1000_p2000_r000 done
17:00:11 cell g_M2_n1000_p2000_r020 done
17:00:11 cell g_M2_n1000_p2000_r025 done
17:00:11 cell g_M2_n1000_p2000_r030 done
17:00:11 cell g_M2_n1000_p2000_r040 done
17:00:11 cell g_M2_n1000_p2000_r050 done
17:00:11 cell g_M3_n1000_p2000_r000 done
17:00:11 cell g_M3_n1000_p2000_r020 done
17:00:11 cell g_M3_n1000_p2000_r025 done
17:00:11 cell g_M3_n1000_p2000_r030 done
17:00:11 cell g_M3_n1000_p2000_r040 done
17:00:11 cell g_M3_n1000_p2000_r050 done
17:00:11 cell g_M4_n1000_p2000_r000 done
17:00:11 cell g_M4_n1000_p2000_r020 done
17:00:11 cell g_M4_n1000_p2000_r025 done
17:00:11 cell g_M4_n1000_p2000_r030 done
17:00:11 cell g_M4_n1000_p2000_r040 done
17:00:11 cell g_M4_n1000_p2000_r050 done
17:00:11 cell g_M1_n5000_p0200_r000 done
17:00:11 cell g_M1_n5000_p0200_r020 done
17:00:11 cell g_M1_n5000_p0200_r025 done
17:00:11 cell g_M1_n5000_p0200_r030 done
17:00:11 cell g_M1_n5000_p0200_r040 done
17:00:11 cell g_M1_n5000_p0200_r050 done
17:00:11 cell g_M2_n5000_p0200_r000 done
17:00:11 cell g_M2_n5000_p0200_r020 done
17:00:11 cell g_M2_n5000_p0200_r025 done
17:00:11 cell g_M2_n5000_p0200_r030 done
17:00:11 cell g_M2_n5000_p0200_r040 done
17:00:11 cell g_M2_n5000_p0200_r050 done
17:00:11 cell g_M3_n5000_p0200_r000 done
17:00:11 cell g_M3_n5000_p0200_r020 done
17:00:11 cell g_M3_n5000_p0200_r025 done
17:00:11 cell g_M3_n5000_p0200_r030 done
17:00:11 cell g_M3_n5000_p0200_r040 done
17:00:11 cell g_M3_n5000_p0200_r050 done
17:00:11 cell g_M4_n5000_p0200_r000 done
17:00:11 cell g_M4_n5000_p0200_r020 done
17:00:11 cell g_M4_n5000_p0200_r025 done
17:00:11 cell g_M4_n5000_p0200_r030 done
17:00:11 cell g_M4_n5000_p0200_r040 done
17:00:11 cell g_M4_n5000_p0200_r050 done
17:00:11 elapsed 144.5 min, remaining budget 6.7 core-hours
17:00:11 batch of 120 cells (6.74 core-hours), 0 cells left after
17:11:14 cell g_M1_n2000_p0500_r000 done
17:11:14 cell g_M1_n2000_p0500_r020 done
17:11:14 cell g_M1_n2000_p0500_r025 done
17:11:14 cell g_M1_n2000_p0500_r030 done
17:11:14 cell g_M1_n2000_p0500_r040 done
17:11:14 cell g_M1_n2000_p0500_r050 done
17:11:14 cell g_M2_n2000_p0500_r000 done
17:11:14 cell g_M2_n2000_p0500_r020 done
17:11:14 cell g_M2_n2000_p0500_r025 done
17:11:14 cell g_M2_n2000_p0500_r030 done
17:11:14 cell g_M2_n2000_p0500_r040 done
17:11:14 cell g_M2_n2000_p0500_r050 done
17:11:14 cell g_M3_n2000_p0500_r000 done
17:11:14 cell g_M3_n2000_p0500_r020 done
17:11:14 cell g_M3_n2000_p0500_r025 done
17:11:14 cell g_M3_n2000_p0500_r030 done
17:11:14 cell g_M3_n2000_p0500_r040 done
17:11:14 cell g_M3_n2000_p0500_r050 done
17:11:14 cell g_M4_n2000_p0500_r000 done
17:11:14 cell g_M4_n2000_p0500_r020 done
17:11:14 cell g_M4_n2000_p0500_r025 done
17:11:14 cell g_M4_n2000_p0500_r030 done
17:11:14 cell g_M4_n2000_p0500_r040 done
17:11:14 cell g_M4_n2000_p0500_r050 done
17:11:14 cell g_M1_n1000_p1000_r000 done
17:11:14 cell g_M1_n1000_p1000_r020 done
17:11:14 cell g_M1_n1000_p1000_r025 done
17:11:14 cell g_M1_n1000_p1000_r030 done
17:11:14 cell g_M1_n1000_p1000_r040 done
17:11:14 cell g_M1_n1000_p1000_r050 done
17:11:14 cell g_M2_n1000_p1000_r000 done
17:11:14 cell g_M2_n1000_p1000_r020 done
17:11:14 cell g_M2_n1000_p1000_r025 done
17:11:14 cell g_M2_n1000_p1000_r030 done
17:11:14 cell g_M2_n1000_p1000_r040 done
17:11:14 cell g_M2_n1000_p1000_r050 done
17:11:14 cell g_M3_n1000_p1000_r000 done
17:11:14 cell g_M3_n1000_p1000_r020 done
17:11:14 cell g_M3_n1000_p1000_r025 done
17:11:14 cell g_M3_n1000_p1000_r030 done
17:11:14 cell g_M3_n1000_p1000_r040 done
17:11:14 cell g_M3_n1000_p1000_r050 done
17:11:15 cell g_M4_n1000_p1000_r000 done
17:11:15 cell g_M4_n1000_p1000_r020 done
17:11:15 cell g_M4_n1000_p1000_r025 done
17:11:15 cell g_M4_n1000_p1000_r030 done
17:11:15 cell g_M4_n1000_p1000_r040 done
17:11:15 cell g_M4_n1000_p1000_r050 done
17:11:15 cell g_M1_n1000_p0500_r000 done
17:11:15 cell g_M1_n1000_p0500_r020 done
17:11:15 cell g_M1_n1000_p0500_r025 done
17:11:15 cell g_M1_n1000_p0500_r030 done
17:11:15 cell g_M1_n1000_p0500_r040 done
17:11:15 cell g_M1_n1000_p0500_r050 done
17:11:15 cell g_M2_n1000_p0500_r000 done
17:11:15 cell g_M2_n1000_p0500_r020 done
17:11:15 cell g_M2_n1000_p0500_r025 done
17:11:15 cell g_M2_n1000_p0500_r030 done
17:11:15 cell g_M2_n1000_p0500_r040 done
17:11:15 cell g_M2_n1000_p0500_r050 done
17:11:15 cell g_M3_n1000_p0500_r000 done
17:11:15 cell g_M3_n1000_p0500_r020 done
17:11:15 cell g_M3_n1000_p0500_r025 done
17:11:15 cell g_M3_n1000_p0500_r030 done
17:11:15 cell g_M3_n1000_p0500_r040 done
17:11:15 cell g_M3_n1000_p0500_r050 done
17:11:15 cell g_M4_n1000_p0500_r000 done
17:11:15 cell g_M4_n1000_p0500_r020 done
17:11:15 cell g_M4_n1000_p0500_r025 done
17:11:15 cell g_M4_n1000_p0500_r030 done
17:11:15 cell g_M4_n1000_p0500_r040 done
17:11:15 cell g_M4_n1000_p0500_r050 done
17:11:15 cell g_M1_n2000_p0200_r000 done
17:11:15 cell g_M1_n2000_p0200_r020 done
17:11:15 cell g_M1_n2000_p0200_r025 done
17:11:15 cell g_M1_n2000_p0200_r030 done
17:11:15 cell g_M1_n2000_p0200_r040 done
17:11:15 cell g_M1_n2000_p0200_r050 done
17:11:15 cell g_M2_n2000_p0200_r000 done
17:11:15 cell g_M2_n2000_p0200_r020 done
17:11:15 cell g_M2_n2000_p0200_r025 done
17:11:15 cell g_M2_n2000_p0200_r030 done
17:11:15 cell g_M2_n2000_p0200_r040 done
17:11:15 cell g_M2_n2000_p0200_r050 done
17:11:15 cell g_M3_n2000_p0200_r000 done
17:11:15 cell g_M3_n2000_p0200_r020 done
17:11:15 cell g_M3_n2000_p0200_r025 done
17:11:15 cell g_M3_n2000_p0200_r030 done
17:11:15 cell g_M3_n2000_p0200_r040 done
17:11:15 cell g_M3_n2000_p0200_r050 done
17:11:15 cell g_M4_n2000_p0200_r000 done
17:11:15 cell g_M4_n2000_p0200_r020 done
17:11:15 cell g_M4_n2000_p0200_r025 done
17:11:15 cell g_M4_n2000_p0200_r030 done
17:11:15 cell g_M4_n2000_p0200_r040 done
17:11:15 cell g_M4_n2000_p0200_r050 done
17:11:15 cell g_M1_n1000_p0200_r000 done
17:11:15 cell g_M1_n1000_p0200_r020 done
17:11:15 cell g_M1_n1000_p0200_r025 done
17:11:15 cell g_M1_n1000_p0200_r030 done
17:11:15 cell g_M1_n1000_p0200_r040 done
17:11:15 cell g_M1_n1000_p0200_r050 done
17:11:15 cell g_M2_n1000_p0200_r000 done
17:11:15 cell g_M2_n1000_p0200_r020 done
17:11:15 cell g_M2_n1000_p0200_r025 done
17:11:15 cell g_M2_n1000_p0200_r030 done
17:11:15 cell g_M2_n1000_p0200_r040 done
17:11:15 cell g_M2_n1000_p0200_r050 done
17:11:15 cell g_M3_n1000_p0200_r000 done
17:11:15 cell g_M3_n1000_p0200_r020 done
17:11:15 cell g_M3_n1000_p0200_r025 done
17:11:15 cell g_M3_n1000_p0200_r030 done
17:11:15 cell g_M3_n1000_p0200_r040 done
17:11:15 cell g_M3_n1000_p0200_r050 done
17:11:15 cell g_M4_n1000_p0200_r000 done
17:11:15 cell g_M4_n1000_p0200_r020 done
17:11:15 cell g_M4_n1000_p0200_r025 done
17:11:15 cell g_M4_n1000_p0200_r030 done
17:11:15 cell g_M4_n1000_p0200_r040 done
17:11:15 cell g_M4_n1000_p0200_r050 done
17:11:15 elapsed 155.6 min, remaining budget 0.0 core-hours
ALL CELLS DONE
