calibration : sd(log ell) de la reference indep s=4 = 0.1377 (+- 0.0013) -> kappa_c = 0.4772

M2 : nombre de covariables d'echelle, variances appariees
n=2000 p=1000 rho=0.25, 40 replications, kappa=0.20, kappa_c=0.477, tau=0.95

design   lambda   s sd(logl) | methode               S4    S10    S20    S30    S50   S100 | top4 g/ech
indep             4    0.138 | Tail-index SIS      0.20   0.47   0.57   0.65   0.72   0.80 | 2.95 / 0.05
                             | Quantile SIS .95    0.07   0.88   0.90   0.93   1.00   1.00 | 2.77 / 1.15
indep             8    0.202 | Tail-index SIS      0.00   0.20   0.23   0.25   0.30   0.53 | 1.80 / 0.65
                             | Quantile SIS .95    0.00   0.38   0.68   0.78   0.82   0.90 | 1.23 / 2.77
indep            16    0.290 | Tail-index SIS      0.03   0.03   0.07   0.07   0.12   0.30 | 1.15 / 1.27
                             | Quantile SIS .95    0.00   0.03   0.25   0.50   0.72   0.85 | 0.80 / 3.20
indep            32    0.413 | Tail-index SIS      0.00   0.00   0.00   0.03   0.05   0.05 | 0.33 / 1.98
                             | Quantile SIS .95    0.00   0.00   0.03   0.05   0.12   0.17 | 0.12 / 3.88
cluster     0.5   4    0.138 | Tail-index SIS      0.23   0.42   0.65   0.75   0.78   0.80 | 2.85 / 0.03
                             | Quantile SIS .95    0.50   0.97   1.00   1.00   1.00   1.00 | 3.45 / 0.50
cluster     0.5   8    0.138 | Tail-index SIS      0.38   0.68   0.78   0.80   0.85   0.90 | 3.20 / 0.07
                             | Quantile SIS .95    0.42   0.90   1.00   1.00   1.00   1.00 | 3.33 / 0.68
cluster     0.5  16    0.138 | Tail-index SIS      0.28   0.57   0.62   0.68   0.80   0.88 | 3.00 / 0.28
                             | Quantile SIS .95    0.35   0.93   1.00   1.00   1.00   1.00 | 3.10 / 0.88
cluster     0.5  32    0.138 | Tail-index SIS      0.38   0.60   0.78   0.80   0.88   0.88 | 3.08 / 0.23
                             | Quantile SIS .95    0.40   0.78   0.90   0.97   1.00   1.00 | 3.17 / 0.82
cluster     0.7   4    0.138 | Tail-index SIS      0.40   0.62   0.72   0.75   0.80   0.93 | 3.25 / 0.00
                             | Quantile SIS .95    0.20   0.97   0.97   1.00   1.00   1.00 | 2.73 / 1.25
cluster     0.7   8    0.138 | Tail-index SIS      0.38   0.68   0.75   0.82   0.82   0.82 | 3.12 / 0.10
                             | Quantile SIS .95    0.12   0.57   0.97   0.97   1.00   1.00 | 2.38 / 1.62
cluster     0.7  16    0.137 | Tail-index SIS      0.38   0.65   0.70   0.72   0.78   0.82 | 3.00 / 0.30
                             | Quantile SIS .95    0.12   0.50   0.93   1.00   1.00   1.00 | 2.20 / 1.80
cluster     0.7  32    0.138 | Tail-index SIS      0.28   0.55   0.68   0.68   0.75   0.80 | 2.85 / 0.33
                             | Quantile SIS .95    0.05   0.23   0.45   0.50   0.97   1.00 | 1.73 / 2.27
cluster     0.9   4    0.137 | Tail-index SIS      0.38   0.68   0.78   0.85   0.93   0.97 | 3.23 / 0.10
                             | Quantile SIS .95    0.07   0.95   1.00   1.00   1.00   1.00 | 1.32 / 2.67
cluster     0.9   8    0.138 | Tail-index SIS      0.30   0.42   0.57   0.68   0.72   0.78 | 2.92 / 0.17
                             | Quantile SIS .95    0.03   0.07   1.00   1.00   1.00   1.00 | 0.85 / 3.15
cluster     0.9  16    0.138 | Tail-index SIS      0.33   0.62   0.72   0.78   0.82   0.93 | 3.02 / 0.30
                             | Quantile SIS .95    0.00   0.03   0.88   1.00   1.00   1.00 | 0.38 / 3.62
cluster     0.9  32    0.138 | Tail-index SIS      0.25   0.42   0.55   0.62   0.78   0.82 | 2.90 / 0.30
                             | Quantile SIS .95    0.00   0.00   0.00   0.03   1.00   1.00 | 0.50 / 3.50

WROTE results/scale_cluster/sweep.rds 
