17:26:22 g_M1_n2000_p1000_r025.rds done
17:26:34 g_M2_n2000_p1000_r000.rds done
17:26:45 g_M2_n2000_p1000_r025.rds done
17:26:57 g_M3_n2000_p1000_r025.rds done
17:27:08 g_M4_n2000_p1000_r025.rds done

Screen par pente de regression quantile extreme
tau = 0.9, 0.95, 0.975, 0.99, B-splines df=3, sur log(Y)

=== M1  n=2000 p=1000 rho=0.25, 40 replications (pentes NA : 0.000)
regle                  Sure-4  Sure-10  Sure-20 top4 gamma  top4 ech.
tail-index              0.775    0.925    0.950      3.775      0.000
quantile .95            0.800    0.975    1.000      3.800      0.025
QR slope (moyenne)      0.300    0.550    0.575      2.875      0.000
QR slope (sd)           0.000    0.000    0.050      0.625      0.000

=== M2  n=2000 p=1000 rho=0.00, 40 replications (pentes NA : 0.000)
regle                  Sure-4  Sure-10  Sure-20 top4 gamma  top4 ech.
tail-index              0.025    0.175    0.225      1.625      0.250
quantile .95            0.025    0.550    0.775      2.500      1.025
QR slope (moyenne)      0.000    0.000    0.050      1.075      0.075
QR slope (sd)           0.000    0.000    0.000      0.225      0.050

=== M2  n=2000 p=1000 rho=0.25, 40 replications (pentes NA : 0.000)
regle                  Sure-4  Sure-10  Sure-20 top4 gamma  top4 ech.
tail-index              0.200    0.350    0.550      2.825      0.100
quantile .95            0.225    0.875    0.975      3.100      0.875
QR slope (moyenne)      0.050    0.100    0.175      1.725      0.075
QR slope (sd)           0.000    0.025    0.075      0.350      0.000

=== M3  n=2000 p=1000 rho=0.25, 40 replications (pentes NA : 0.000)
regle                  Sure-4  Sure-10  Sure-20 top4 gamma  top4 ech.
tail-index              0.175    0.450    0.500      2.750      0.025
quantile .95            0.300    0.625    0.750      3.100      0.000
QR slope (moyenne)      0.025    0.100    0.225      1.625      0.000
QR slope (sd)           0.000    0.000    0.000      0.150      0.050

=== M4  n=2000 p=1000 rho=0.25, 40 replications (pentes NA : 0.000)
regle                  Sure-4  Sure-10  Sure-20 top4 gamma  top4 ech.
tail-index              0.050    0.175    0.325      2.150      0.000
quantile .95            0.075    0.475    0.700      2.475      0.025
QR slope (moyenne)      0.000    0.025    0.050      1.400      0.000
QR slope (sd)           0.000    0.000    0.000      0.100      0.025

