17:31:24 g_M1_n2000_p1000_r025.rds done
17:31:34 g_M2_n2000_p1000_r000.rds done
17:31:45 g_M2_n2000_p1000_r025.rds done
17:31:56 g_M3_n2000_p1000_r025.rds done
17:32:06 g_M4_n2000_p1000_r025.rds done

Screen par regression sur les depassements

=== M1  n=2000 p=1000 rho=0.25, 40 replications
regle                  Sure-4  Sure-10  Sure-20 top4 gamma  top4 ech.
tail-index              0.775    0.925    0.950      3.775      0.000
quantile .95            0.800    0.975    1.000      3.800      0.025
exc t0=0.9 (moy)        0.750    0.900    0.925      3.750      0.000
exc t0=0.9 (sd)         0.075    0.500    0.800      2.250      0.075
exc t0=0.9 (F)          0.325    0.750    0.850      2.975      0.050
exc t0=0.95 (moy)       0.400    0.775    0.875      3.275      0.000
exc t0=0.95 (sd)        0.000    0.025    0.075      0.400      0.050
exc t0=0.95 (F)         0.050    0.075    0.225      1.300      0.025

=== M2  n=2000 p=1000 rho=0.00, 40 replications
regle                  Sure-4  Sure-10  Sure-20 top4 gamma  top4 ech.
tail-index              0.025    0.175    0.225      1.625      0.250
quantile .95            0.025    0.550    0.775      2.500      1.025
exc t0=0.9 (moy)        0.000    0.050    0.100      1.375      0.300
exc t0=0.9 (sd)         0.000    0.000    0.025      0.675      0.025
exc t0=0.9 (F)          0.000    0.000    0.075      1.025      0.025
exc t0=0.95 (moy)       0.000    0.050    0.175      1.700      0.075
exc t0=0.95 (sd)        0.000    0.000    0.000      0.175      0.025
exc t0=0.95 (F)         0.000    0.000    0.000      0.500      0.025

=== M2  n=2000 p=1000 rho=0.25, 40 replications
regle                  Sure-4  Sure-10  Sure-20 top4 gamma  top4 ech.
tail-index              0.200    0.350    0.550      2.825      0.100
quantile .95            0.225    0.875    0.975      3.100      0.875
exc t0=0.9 (moy)        0.125    0.225    0.400      2.725      0.200
exc t0=0.9 (sd)         0.000    0.100    0.275      1.250      0.050
exc t0=0.9 (F)          0.125    0.275    0.600      2.000      0.050
exc t0=0.95 (moy)       0.150    0.375    0.525      2.675      0.050
exc t0=0.95 (sd)        0.000    0.000    0.000      0.200      0.025
exc t0=0.95 (F)         0.000    0.025    0.050      0.775      0.000

=== M3  n=2000 p=1000 rho=0.25, 40 replications
regle                  Sure-4  Sure-10  Sure-20 top4 gamma  top4 ech.
tail-index              0.175    0.450    0.500      2.750      0.025
quantile .95            0.300    0.625    0.750      3.100      0.000
exc t0=0.9 (moy)        0.100    0.325    0.450      2.525      0.000
exc t0=0.9 (sd)         0.000    0.000    0.025      0.375      0.075
exc t0=0.9 (F)          0.000    0.000    0.100      0.725      0.050
exc t0=0.95 (moy)       0.000    0.150    0.225      1.675      0.000
exc t0=0.95 (sd)        0.000    0.000    0.000      0.075      0.025
exc t0=0.95 (F)         0.000    0.000    0.000      0.350      0.025

=== M4  n=2000 p=1000 rho=0.25, 40 replications
regle                  Sure-4  Sure-10  Sure-20 top4 gamma  top4 ech.
tail-index              0.050    0.175    0.325      2.150      0.000
quantile .95            0.075    0.475    0.700      2.475      0.025
exc t0=0.9 (moy)        0.050    0.100    0.300      1.950      0.000
exc t0=0.9 (sd)         0.000    0.025    0.025      0.150      0.100
exc t0=0.9 (F)          0.000    0.025    0.025      0.400      0.100
exc t0=0.95 (moy)       0.000    0.000    0.075      1.275      0.025
exc t0=0.95 (sd)        0.000    0.000    0.000      0.050      0.000
exc t0=0.95 (F)         0.000    0.000    0.000      0.150      0.000

