
Reglage sur la suite figee : n=2000 p=1000 rho=0.25, 200 replications
erreur type <= 0.035 ; comparaisons entre reglages appariees

M1 : Sure-20
   a\b       0   0.05    0.1   0.15    0.2    0.3    0.4
  0.25   0.040  0.095  0.110  0.085  0.055  0.025  0.005
  0.30   0.695  0.890  0.940  0.965  0.945  0.810  0.560
  0.35   0.630  0.910  0.960  0.965  0.930  0.890  0.685
  0.40   0.540  0.825  0.875  0.890  0.855  0.735  0.555
  0.45   0.345  0.635  0.720  0.720  0.735  0.520  0.380
  0.50   0.275  0.505  0.585  0.570  0.495  0.330  0.195

M2 : Sure-20
   a\b       0   0.05    0.1   0.15    0.2    0.3    0.4
  0.25   0.245  0.475  0.545  0.595  0.540  0.435  0.275
  0.30   0.400  0.625  0.720  0.710  0.700  0.570  0.410
  0.35   0.400  0.645  0.755  0.760  0.740  0.600  0.425
  0.40   0.345  0.620  0.675  0.690  0.665  0.505  0.320
  0.45   0.300  0.535  0.585  0.565  0.505  0.350  0.270
  0.50   0.255  0.410  0.450  0.440  0.380  0.200  0.115

M3 : Sure-20
   a\b       0   0.05    0.1   0.15    0.2    0.3    0.4
  0.25   0.010  0.050  0.085  0.080  0.055  0.015  0.000
  0.30   0.170  0.450  0.575  0.585  0.535  0.320  0.145
  0.35   0.130  0.315  0.420  0.455  0.375  0.320  0.105
  0.40   0.105  0.275  0.290  0.255  0.200  0.090  0.025
  0.45   0.050  0.130  0.130  0.115  0.115  0.025  0.015
  0.50   0.025  0.055  0.040  0.040  0.030  0.015  0.005

M4 : Sure-20
   a\b       0   0.05    0.1   0.15    0.2    0.3    0.4
  0.25   0.100  0.200  0.250  0.225  0.125  0.055  0.010
  0.30   0.515  0.815  0.905  0.925  0.905  0.825  0.585
  0.35   0.495  0.775  0.860  0.880  0.880  0.790  0.645
  0.40   0.375  0.680  0.760  0.800  0.760  0.610  0.410
  0.45   0.265  0.505  0.655  0.600  0.555  0.330  0.260
  0.50   0.125  0.310  0.400  0.395  0.355  0.180  0.115

MOYENNE DES 4 MODELES : Sure-20
   a\b       0   0.05    0.1   0.15    0.2    0.3    0.4
  0.25   0.099  0.205  0.247  0.246  0.194  0.133  0.073
  0.30   0.445  0.695  0.785  0.796  0.771  0.631  0.425
  0.35   0.414  0.661  0.749  0.765  0.731  0.650  0.465
  0.40   0.341  0.600  0.650  0.659  0.620  0.485  0.328
  0.45   0.240  0.451  0.522  0.500  0.478  0.306  0.231
  0.50   0.170  0.320  0.369  0.361  0.315  0.181  0.107

Meilleur reglage sur la moyenne des quatre modeles : a=0.30 b=0.15 (0.796)
Meilleur par modele :
  M1 : a=0.30 b=0.15 (0.965)
  M2 : a=0.35 b=0.15 (0.760)
  M3 : a=0.30 b=0.15 (0.585)
  M4 : a=0.30 b=0.15 (0.925)
