cible : s160m_max, s160m_kurt

22:03:50 n =   1000 (20 tirages) fait
22:08:42 n =   2000 (20 tirages) fait
22:15:26 n =   5000 (20 tirages) fait
22:20:06 n =  10000 (10 tirages) fait
22:35:57 n =  25000 (5 tirages) fait
22:48:19 n =  50000 (3 tirages) fait

=== pire rang, regle AGREGEE (lignes = a, colonnes = n) ===
      1000  2000  5000 10000 25000 50000
0.15 60.60 21.25 14.30   4.3   3.6     3
0.2  27.30 13.85  4.95   4.1   3.0     3
0.25 35.15 18.45  4.50   3.3   3.0     3
0.3  26.65 17.05  6.55   3.5   3.0     3
0.35 39.10 13.15 13.10   3.2   3.0     3
0.4  64.10 25.70 29.55   3.2   3.0     3

=== pire rang, meilleur des CINQ concurrents ===
 1000  2000  5000 10000 25000 50000 
26.10  5.20  6.15  3.70  3.00  2.67 

=== AVANTAGE = concurrents - queue agregee (positif = la queue gagne) ===
       1000   2000   5000 10000 25000 50000
0.15 -34.50 -16.05  -8.15  -0.6  -0.6 -0.33
0.2   -1.20  -8.65   1.20  -0.4   0.0 -0.33
0.25  -9.05 -13.25   1.65   0.4   0.0 -0.33
0.3   -0.55 -11.85  -0.40   0.2   0.0 -0.33
0.35 -13.00  -7.95  -6.95   0.5   0.0 -0.33
0.4  -38.00 -20.50 -23.40   0.5   0.0 -0.33

=== 2 n alpha h correspondant ===
       1000   2000   5000  10000   25000   50000
0.15 125.89 204.51 388.40 630.96 1198.28 1946.61
0.2   89.13 139.85 253.71 398.11  722.21 1133.26
0.25  63.10  95.64 165.72 251.19  435.28  659.75
0.3   44.67  65.40 108.25 158.49  262.34  384.09
0.35  31.62  44.72  70.71 100.00  158.11  223.61
0.4   22.39  30.58  46.19  63.10   95.30  130.18
