21:08:17 n =   5000 fait en 5 s
21:08:23 n =  10000 fait en 6 s
21:11:09 n =  25000 fait en 166 s
21:14:42 n =  50000 fait en 213 s
21:20:26 n = 100000 fait en 344 s

cible = top-10 des SEPT regles a n = 100000 : 2 covariables
  s160m_max, s160m_kurt

=== cible atteinte (sur 2) dans le top-10, par n ===
               regle n5000 n10000 n25000 n50000 n100000
       tail selected     2      2      2      2       2
     tail aggregated     2      2      2      2       2
 Yoshida-Umezu paper     0      0      1      2       2
   Yoshida-Umezu h=2     1      1      1      0       2
       quantile 0.90     1      2      2      2       2
       quantile 0.95     2      2      2      2       2
       quantile 0.99     2      2      2      2       2

=== pire rang parmi la cible, par n (petit = mieux) ===
               regle n5000 n10000 n25000 n50000 n100000
       tail selected     3      3      3      3       3
     tail aggregated     3      3      3      3       3
 Yoshida-Umezu paper   131    202     25      3       3
   Yoshida-Umezu h=2    28    236     68     72       5
       quantile 0.90    26      7      8      9       8
       quantile 0.95     3      3      3      4       3
       quantile 0.99     3      3      3      3       3
