cible (consensus des 7 regles a n = 100000) : s160m_max, s160m_kurt

21:27:22 n =  1000 fait
21:28:39 n =  1500 fait
21:30:15 n =  2000 fait
21:32:07 n =  3000 fait
21:34:20 n =  5000 fait
21:37:18 n = 10000 fait

=== cible dans le top-10 (sur 2), moyenne sur 20 tirages ===
                    1000 1500 2000 3000 5000 10000
quantile 0.90       1.65 1.70 1.60 1.55 1.55  1.65
quantile 0.95       1.80 1.50 1.80 1.65 1.75  1.90
quantile 0.99       0.35 1.20 1.60 1.45 1.95  1.95
tail aggregated     1.60 1.75 1.65 1.60 1.95  2.00
tail selected       1.55 1.60 1.55 1.55 1.90  1.95
Yoshida-Umezu h=2   0.90 1.15 1.15 1.25 0.90  1.00
Yoshida-Umezu paper 0.60 0.95 0.85 1.05 0.80  1.10

=== pire rang parmi la cible, moyenne ===
                     1000   1500  2000   3000   5000 10000
quantile 0.90       46.10  30.40 26.15  19.20  19.40 16.40
quantile 0.95       26.20  31.60 20.90  27.60   9.85  8.70
quantile 0.99       65.00  46.75 26.40  32.30   6.15  4.10
tail aggregated     47.55  30.80 20.80  13.85   3.90  3.45
tail selected       41.10  37.60 31.40  27.55   6.75  3.60
Yoshida-Umezu h=2   84.90  84.00 82.35  80.15  80.80 87.75
Yoshida-Umezu paper 97.30 110.40 89.25 103.15 105.65 68.55
Error: unexpected symbol in "5d"
Execution halted
