mode = fixed_a ; cible (consensus des 7 regles a n = 100000) : s160m_max, s160m_kurt
  n =  1000 : a = 0.350, alpha = 0.0891, 2 n alpha h = 32
  n =  1500 : a = 0.350, alpha = 0.0773, 2 n alpha h = 39
  n =  2000 : a = 0.350, alpha = 0.0699, 2 n alpha h = 45
  n =  3000 : a = 0.350, alpha = 0.0607, 2 n alpha h = 55
  n =  5000 : a = 0.350, alpha = 0.0507, 2 n alpha h = 71
  n = 10000 : a = 0.350, alpha = 0.0398, 2 n alpha h = 100

21:40:19 n =  1000 fait
21:41:31 n =  1500 fait
21:43:06 n =  2000 fait
21:44:52 n =  3000 fait
21:47:07 n =  5000 fait
21:50:00 n = 10000 fait

=== cible dans le top-10 (sur 2), moyenne sur 20 tirages ===
                    1000 1500 2000 3000 5000 10000
quantile 0.90       1.65 1.70 1.60 1.55 1.55  1.65
quantile 0.95       1.80 1.50 1.80 1.65 1.75  1.90
quantile 0.99       0.35 1.20 1.60 1.45 1.95  1.95
tail aggregated     1.60 1.65 1.75 1.55 1.90  1.95
tail selected       1.50 1.50 1.65 1.50 1.80  1.95
Yoshida-Umezu h=2   0.90 1.15 1.15 1.25 0.90  1.00
Yoshida-Umezu paper 0.60 0.95 0.85 1.05 0.80  1.10

=== pire rang parmi la cible, moyenne ===
                     1000   1500  2000   3000   5000 10000
quantile 0.90       46.10  30.40 26.15  19.20  19.40 16.40
quantile 0.95       26.20  31.60 20.90  27.60   9.85  8.70
quantile 0.99       65.00  46.75 26.40  32.30   6.15  4.10
tail aggregated     38.35  33.75 24.25  35.75   5.90  3.95
tail selected       49.40  49.85 32.55  45.90  16.95  5.30
Yoshida-Umezu h=2   84.90  84.00 82.35  80.15  80.80 87.75
Yoshida-Umezu paper 97.30 110.40 89.25 103.15 105.65 68.55
