YU per-model tuning in force:
  model   h   k
1    A1 0.5 120
2    A2 2.0 120
3    A3 0.5 120
4    B1 2.0 100
13:59:46 A2 1000 reps 1-50 done
14:00:50 A2 1000 reps 51-100 done
14:01:43 A2 1000 reps 101-150 done
14:02:38 A2 1000 reps 151-200 done
14:03:30 A2 1000 reps 201-250 done
14:04:23 A2 1000 reps 251-300 done
14:05:23 A2 1000 reps 301-350 done
14:06:19 A2 1000 reps 351-400 done
14:07:22 A2 1000 reps 401-450 done
14:08:18 A2 1000 reps 451-500 done
14:09:18 A2 1000 reps 501-550 done
14:10:18 A2 1000 reps 551-600 done
14:11:16 A2 1000 reps 601-650 done
14:12:12 A2 1000 reps 651-700 done
14:13:08 A2 1000 reps 701-750 done
14:13:57 A2 1000 reps 751-800 done
14:14:56 A2 1000 reps 801-850 done
14:15:57 A2 1000 reps 851-900 done
14:16:59 A2 1000 reps 901-950 done
14:18:06 A2 1000 reps 951-1000 done
14:19:09 B1 1000 reps 1-50 done
14:20:13 B1 1000 reps 51-100 done
14:21:18 B1 1000 reps 101-150 done
14:22:27 B1 1000 reps 151-200 done
14:23:31 B1 1000 reps 201-250 done
14:24:39 B1 1000 reps 251-300 done
14:25:36 B1 1000 reps 301-350 done
14:26:35 B1 1000 reps 351-400 done
14:27:42 B1 1000 reps 401-450 done
14:28:40 B1 1000 reps 451-500 done
14:30:05 B1 1000 reps 501-550 done
14:31:36 B1 1000 reps 551-600 done
14:33:07 B1 1000 reps 601-650 done
14:34:06 B1 1000 reps 651-700 done
14:35:14 B1 1000 reps 701-750 done
14:36:00 B1 1000 reps 751-800 done
14:37:02 B1 1000 reps 801-850 done
14:38:27 B1 1000 reps 851-900 done
14:39:59 B1 1000 reps 901-950 done
14:41:47 B1 1000 reps 951-1000 done
14:44:48 A2 2000 reps 1-50 done
14:46:46 A2 2000 reps 51-100 done
14:48:50 A2 2000 reps 101-150 done
14:51:51 A2 2000 reps 151-200 done
14:54:08 A2 2000 reps 201-250 done
14:56:34 A2 2000 reps 251-300 done
14:58:45 A2 2000 reps 301-350 done
15:00:53 A2 2000 reps 351-400 done
15:02:50 A2 2000 reps 401-450 done
15:04:40 A2 2000 reps 451-500 done
15:06:49 A2 2000 reps 501-550 done
15:09:03 A2 2000 reps 551-600 done
15:11:21 A2 2000 reps 601-650 done
15:13:36 A2 2000 reps 651-700 done
15:15:46 A2 2000 reps 701-750 done
15:17:32 A2 2000 reps 751-800 done
15:19:33 A2 2000 reps 801-850 done
15:21:16 A2 2000 reps 851-900 done
15:23:25 A2 2000 reps 901-950 done
15:25:28 A2 2000 reps 951-1000 done
15:27:32 B1 2000 reps 1-50 done
15:29:22 B1 2000 reps 51-100 done
15:31:35 B1 2000 reps 101-150 done
15:33:46 B1 2000 reps 151-200 done
15:35:39 B1 2000 reps 201-250 done
15:37:43 B1 2000 reps 251-300 done
15:39:46 B1 2000 reps 301-350 done
15:42:05 B1 2000 reps 351-400 done
15:44:31 B1 2000 reps 401-450 done
15:46:35 B1 2000 reps 451-500 done
15:48:47 B1 2000 reps 501-550 done
15:51:20 B1 2000 reps 551-600 done
15:53:51 B1 2000 reps 601-650 done
15:56:06 B1 2000 reps 651-700 done
15:58:10 B1 2000 reps 701-750 done
16:00:05 B1 2000 reps 751-800 done
16:02:05 B1 2000 reps 801-850 done
16:04:27 B1 2000 reps 851-900 done
16:06:34 B1 2000 reps 901-950 done
16:08:47 B1 2000 reps 951-1000 done
CAMPAIGN8 DONE: 12000 replications summarized
selected pair (a*,b*) = ( 0.35 , 0.15 )
