
Effect of the grid search on Yoshida--Umezu:
 model    p sure4_paper sure20_paper ermax_paper sure4_tuned sure20_tuned
    A1  500       0.202        0.467        97.4       0.106        0.827
    A2  500       0.028        0.178       153.9       0.071        0.332
    A3  500       0.181        0.509        79.8       0.073        0.674
    B1  500       0.007        0.088       132.0       0.019        0.191
    A1 1000       0.179        0.398       188.1       0.110        0.752
    A2 1000       0.021        0.138       320.1       0.048        0.253
    A3 1000       0.176        0.445       156.8       0.074        0.601
    B1 1000       0.004        0.059       265.5       0.014        0.174
    A1 2000       0.125        0.305       432.2       0.089        0.625
    A2 2000       0.015        0.084       640.2       0.026        0.180
    A3 2000       0.142        0.379       336.7       0.053        0.454
    B1 2000       0.008        0.057       494.5       0.013        0.159
 ermax_tuned
        18.3
       121.3
        29.7
        86.5
        31.3
       240.8
        49.1
       160.0
        56.9
       482.8
       108.0
       350.8

WROTE 3 comparison tables
