20:22:34 A1 500 done
20:22:37 B1 500 done
20:22:39 A2 500 done
20:22:42 A3 500 done
20:22:47 A1 1000 done
20:22:52 B1 1000 done
20:22:57 A2 1000 done
20:23:02 A3 1000 done
20:23:11 A1 2000 done
20:23:21 B1 2000 done
20:23:30 A2 2000 done
20:23:40 A3 2000 done
   model    p exact_score_ties n_inf tied_coords_amin mixed4 mixed20
1     A1  500                0     0              363   0.16    0.00
2     A2  500                0     0              381   0.40    0.00
3     A3  500                0     0              372   0.32    0.00
4     B1  500                0     0              362   0.36    0.00
5     A1 1000                0     0              735   0.28    0.00
6     A2 1000                0     0              751   0.44    0.08
7     A3 1000                0     0              746   0.40    0.00
8     B1 1000                0     0              732   0.24    0.00
9     A1 2000                0     0             1457   0.28    0.00
10    A2 2000                0     0             1511   0.40    0.00
11    A3 2000                0     0             1493   0.44    0.00
12    B1 2000                0     0             1465   0.40    0.00
   top4_change_adv top4_change_new top20_change_adv top20_change_new
1             0.16            0.00             0.00                0
2             0.40            0.08             0.00                0
3             0.32            0.04             0.00                0
4             0.36            0.04             0.00                0
5             0.28            0.04             0.00                0
6             0.44            0.12             0.04                0
7             0.40            0.00             0.00                0
8             0.24            0.16             0.00                0
9             0.28            0.04             0.00                0
10            0.40            0.16             0.00                0
11            0.44            0.16             0.00                0
12            0.40            0.04             0.00                0
   rmax_change_adv rmax_change_new old_is_favourable
1             0.28            0.08                 1
2             0.80            0.36                 1
3             0.44            0.08                 1
4             0.56            0.20                 1
5             0.36            0.20                 1
6             1.00            0.40                 1
7             0.60            0.12                 1
8             0.80            0.36                 1
9             0.36            0.08                 1
10            0.92            0.44                 1
11            0.64            0.24                 1
12            0.76            0.24                 1

Selected-pair rule: orderings differ old vs new in 0 of 300 replications
Competitor exact ties (should be 0):
yu_dup  yu_na  q_dup   q_na 
     0      0      0      0 
WROTE results/diag_ties6/diag.csv 
