config c24 : n = 50000, p = 1024
alpha = 0.03893, h = 0.09866, 2 n alpha h = 384, n/p = 48.8
barre de competition a p = 1024 : 3.10 sigma
  9 passes en 12 s
  1000 permutations en 361 s
  seuil familial 5% = 1.17336 ; score minimal observe = 1.17945 -> non significatif
  sous seuil familial : 0 ; sous seuil par covariable : 52 a 5%, 7 a 1%
  attendu par hasard au seuil par covariable : 51 a 5%, 10 a 1%
  frequence de selection : med 0.00, max 0.20, nb a 1.00 : 0
  dix premieres :
 covariate    score rank_base rank_agg_med freq_top20 below_fam05 below_mrg05
  h24_0093 1.179447         1          1.0       0.10       FALSE        TRUE
  h24_0575 1.182455         2        129.0       0.00       FALSE        TRUE
  h24_0536 1.182941         3         98.5       0.10       FALSE        TRUE
  h24_0277 1.183980         4          3.0       0.00       FALSE        TRUE
  h24_0897 1.184052         5          2.0       0.05       FALSE        TRUE
  h24_0651 1.184712         6          4.0       0.10       FALSE        TRUE
  h24_0079 1.185274         7         12.5       0.05       FALSE        TRUE
  h24_0873 1.185778         8        195.5       0.05       FALSE        TRUE
  h24_0715 1.185974         9          7.0       0.00       FALSE        TRUE
  h24_0695 1.186119        10         82.0       0.00       FALSE        TRUE
 below_mrg01
        TRUE
        TRUE
        TRUE
        TRUE
        TRUE
        TRUE
        TRUE
       FALSE
       FALSE
       FALSE
