config c12 : n = 50000, p = 1024
alpha = 0.03893, h = 0.09866, 2 n alpha h = 384, n/p = 48.8
barre de competition a p = 1024 : 3.10 sigma
  9 passes en 13 s
  1000 permutations en 358 s
  seuil familial 5% = 1.17356 ; score minimal observe = 1.17537 -> non significatif
  sous seuil familial : 0 ; sous seuil par covariable : 62 a 5%, 15 a 1%
  attendu par hasard au seuil par covariable : 51 a 5%, 10 a 1%
  frequence de selection : med 0.00, max 0.15, nb a 1.00 : 0
  dix premieres :
 covariate    score rank_base rank_agg_med freq_top20 below_fam05 below_mrg05
  h12_0165 1.175374         1         57.0       0.00       FALSE        TRUE
  h12_0792 1.176843         2          3.0       0.10       FALSE        TRUE
  h12_0596 1.178828         3          1.0       0.10       FALSE        TRUE
  h12_0093 1.181758         4        132.5       0.05       FALSE        TRUE
  h12_0000 1.182581         5         71.5       0.00       FALSE        TRUE
  h12_0942 1.182938         6         13.5       0.05       FALSE        TRUE
  h12_0578 1.183213         7        169.5       0.00       FALSE        TRUE
  h12_0357 1.183590         8          5.5       0.05       FALSE        TRUE
  h12_0190 1.183635         9          2.0       0.05       FALSE        TRUE
  h12_0805 1.184275        10          5.5       0.00       FALSE        TRUE
 below_mrg01
        TRUE
        TRUE
        TRUE
        TRUE
        TRUE
        TRUE
        TRUE
        TRUE
        TRUE
        TRUE
