config c03 : n = 50000, p = 1024
alpha = 0.03893, h = 0.09866, 2 n alpha h = 384, n/p = 48.8
barre de competition a p = 1024 : 3.10 sigma
  9 passes en 14 s
  1000 permutations en 356 s
  seuil familial 5% = 1.17336 ; score minimal observe = 1.17505 -> non significatif
  sous seuil familial : 0 ; sous seuil par covariable : 48 a 5%, 12 a 1%
  attendu par hasard au seuil par covariable : 51 a 5%, 10 a 1%
  frequence de selection : med 0.00, max 0.15, nb a 1.00 : 0
  dix premieres :
 covariate    score rank_base rank_agg_med freq_top20 below_fam05 below_mrg05
  h03_0485 1.175047         1          4.5       0.00       FALSE        TRUE
  h03_0544 1.179259         2          1.0       0.10       FALSE        TRUE
  h03_0444 1.180137         3         24.0       0.05       FALSE        TRUE
  h03_0338 1.180410         4          2.5       0.00       FALSE        TRUE
  h03_0334 1.180939         5         15.0       0.00       FALSE        TRUE
  h03_0721 1.180962         6          4.5       0.10       FALSE        TRUE
  h03_0225 1.181851         7        129.5       0.05       FALSE        TRUE
  h03_0407 1.181900         8         67.0       0.00       FALSE        TRUE
  h03_0176 1.183791         9          8.0       0.05       FALSE        TRUE
  h03_0323 1.183965        10          7.0       0.00       FALSE        TRUE
 below_mrg01
        TRUE
        TRUE
        TRUE
        TRUE
        TRUE
        TRUE
        TRUE
        TRUE
        TRUE
        TRUE
